x_99070595@codeeditor:~ (us-ashburn-1)$ cd terraform-vcn
x_99070595@codeeditor:terraform-vcn (us-ashburn-1)$ terraform init

Initializing the backend...

Initializing provider plugins...
- Reusing previous version of oracle/oci from the dependency lock file
- Using previously-installed oracle/oci v5.30.0

Terraform has been successfully initialized!

You may now begin working with Terraform. Try running "terraform plan" to see
any changes that are required for your infrastructure. All Terraform commands
should now work.

If you ever set or change modules or backend configuration for Terraform,
rerun this command to reinitialize your working directory. If you forget, other
commands will detect it and remind you to do so if necessary.
x_99070595@codeeditor:terraform-vcn (us-ashburn-1)$ ls -a
.  ..  .terraform  .terraform.lock.hcl  vcn.tf

x_99070595@codeeditor:terraform-vcn (us-ashburn-1)$ terraform plan

Terraform used the selected providers to generate the following execution plan. Resource actions are indicated with the following symbols:
  + create

Terraform will perform the following actions:

  # oci_core_vcn.example_vcn will be created
  + resource "oci_core_vcn" "example_vcn" {
      + byoipv6cidr_blocks               = (known after apply)
      + cidr_block                       = (known after apply)
      + cidr_blocks                      = (known after apply)
      + compartment_id                   = "ocid1.compartment.oc1..aaaaaaaaiugoxedsjbk7kyvu724jaa6khknzvbtu5fdwftwbcfqbbve2i5ga"
      + default_dhcp_options_id          = (known after apply)
      + default_route_table_id           = (known after apply)
      + default_security_list_id         = (known after apply)
      + defined_tags                     = (known after apply)
      + display_name                     = (known after apply)
      + dns_label                        = (known after apply)
      + freeform_tags                    = (known after apply)
      + id                               = (known after apply)
      + ipv6cidr_blocks                  = (known after apply)
      + ipv6private_cidr_blocks          = (known after apply)
      + is_ipv6enabled                   = (known after apply)
      + is_oracle_gua_allocation_enabled = (known after apply)
      + state                            = (known after apply)
      + time_created                     = (known after apply)
      + vcn_domain_name                  = (known after apply)
    }

Plan: 1 to add, 0 to change, 0 to destroy.

──────────────────────────────────────────────────────────────────────────────────────────────────────────────────────────────────────────────────

Note: You didn't use the -out option to save this plan, so Terraform can't guarantee to take exactly these actions if you run "terraform apply"
now.

+display name and cidr block in .tf file

x_99070595@codeeditor:terraform-vcn (us-ashburn-1)$ terraform plan

Terraform used the selected providers to generate the following execution plan. Resource actions are indicated with the following symbols:
  + create

Terraform will perform the following actions:

  # oci_core_vcn.example_vcn will be created
  + resource "oci_core_vcn" "example_vcn" {
      + byoipv6cidr_blocks               = (known after apply)
      + cidr_block                       = (known after apply)
      + cidr_blocks                      = [
          + "10.0.0.0/16",
        ]
      + compartment_id                   = "ocid1.compartment.oc1..aaaaaaaaiugoxedsjbk7kyvu724jaa6khknzvbtu5fdwftwbcfqbbve2i5ga"
      + default_dhcp_options_id          = (known after apply)
      + default_route_table_id           = (known after apply)
      + default_security_list_id         = (known after apply)
      + defined_tags                     = (known after apply)
      + display_name                     = "IAD-OP-LAB06-1-VCN-01"
      + dns_label                        = (known after apply)
      + freeform_tags                    = (known after apply)
      + id                               = (known after apply)
      + ipv6cidr_blocks                  = (known after apply)
      + ipv6private_cidr_blocks          = (known after apply)
      + is_ipv6enabled                   = (known after apply)
      + is_oracle_gua_allocation_enabled = (known after apply)
      + state                            = (known after apply)
      + time_created                     = (known after apply)
      + vcn_domain_name                  = (known after apply)
    }

Plan: 1 to add, 0 to change, 0 to destroy.


New compartment Compartment: 99069114-C01
ocid1.compartment.oc1..aaaaaaaacaxk3iiktmtc7ekppg7jnb7dd5a4hto7476pxu565zmaho6aep5a

x_99069114@codeeditor:~ (us-ashburn-1)$ pwd
/home/x_99069114
x_99069114@codeeditor:~ (us-ashburn-1)$ ls
terraform-vcn
x_99069114@codeeditor:~ (us-ashburn-1)$ cd terraform_vcn
bash: cd: terraform_vcn: No such file or directory
x_99069114@codeeditor:~ (us-ashburn-1)$ cd terraform-vcn
x_99069114@codeeditor:terraform-vcn (us-ashburn-1)$ terraform init

Initializing the backend...

Initializing provider plugins...
- Finding oracle/oci versions matching ">= 4.67.3"...
- Installing oracle/oci v5.30.0...
- Installed oracle/oci v5.30.0 (signed by a HashiCorp partner, key ID 1533A49284137CEB)

Partner and community providers are signed by their developers.
If you'd like to know more about provider signing, you can read about it here:
https://www.terraform.io/docs/cli/plugins/signing.html

Terraform has created a lock file .terraform.lock.hcl to record the provider
selections it made above. Include this file in your version control repository
so that Terraform can guarantee to make the same selections by default when
you run "terraform init" in the future.

Terraform has been successfully initialized!

You may now begin working with Terraform. Try running "terraform plan" to see
any changes that are required for your infrastructure. All Terraform commands
should now work.

If you ever set or change modules or backend configuration for Terraform,
rerun this command to reinitialize your working directory. If you forget, other
commands will detect it and remind you to do so if necessary.
x_99069114@codeeditor:terraform-vcn (us-ashburn-1)$ ls -a
.  ..  .terraform  .terraform.lock.hcl  terraform.tfvars  variables.tf  vcn.tf
x_99069114@codeeditor:terraform-vcn (us-ashburn-1)$ terraform plan

Terraform used the selected providers to generate the following execution plan.
Resource actions are indicated with the following symbols:
  + create

Terraform will perform the following actions:

  # oci_core_subnet.example_subnet will be created
  + resource "oci_core_subnet" "example_subnet" {
      + availability_domain        = (known after apply)
      + cidr_block                 = "10.0.0.0/24"
      + compartment_id             = "ocid1.compartment.oc1..aaaaaaaacaxk3iiktmtc7ekppg7jnb7dd5a4hto7476pxu565zmaho6aep5a"
      + defined_tags               = (known after apply)
      + dhcp_options_id            = (known after apply)
      + display_name               = "IAD-OP-LAB06-1-SNT-01"
      + dns_label                  = (known after apply)
      + freeform_tags              = (known after apply)
      + id                         = (known after apply)
      + ipv6cidr_block             = (known after apply)
      + ipv6cidr_blocks            = (known after apply)
      + ipv6virtual_router_ip      = (known after apply)
      + prohibit_internet_ingress  = (known after apply)
      + prohibit_public_ip_on_vnic = (known after apply)
      + route_table_id             = (known after apply)
      + security_list_ids          = (known after apply)
      + state                      = (known after apply)
      + subnet_domain_name         = (known after apply)
      + time_created               = (known after apply)
      + vcn_id                     = (known after apply)
      + virtual_router_ip          = (known after apply)
      + virtual_router_mac         = (known after apply)
    }

  # oci_core_vcn.example_vcn will be created
  + resource "oci_core_vcn" "example_vcn" {
      + byoipv6cidr_blocks               = (known after apply)
      + cidr_block                       = (known after apply)
      + cidr_blocks                      = [
          + "10.0.0.0/16",
        ]
      + compartment_id                   = "ocid1.compartment.oc1..aaaaaaaacaxk3iiktmtc7ekppg7jnb7dd5a4hto7476pxu565zmaho6aep5a"
      + default_dhcp_options_id          = (known after apply)
      + default_route_table_id           = (known after apply)
      + default_security_list_id         = (known after apply)
      + defined_tags                     = (known after apply)
      + display_name                     = "IAD-OP-LAB06-1-VCN-01"
      + dns_label                        = (known after apply)
      + freeform_tags                    = (known after apply)
      + id                               = (known after apply)
      + ipv6cidr_blocks                  = (known after apply)
      + ipv6private_cidr_blocks          = (known after apply)
      + is_ipv6enabled                   = (known after apply)
      + is_oracle_gua_allocation_enabled = (known after apply)
      + state                            = (known after apply)
      + time_created                     = (known after apply)
      + vcn_domain_name                  = (known after apply)
    }

Plan: 2 to add, 0 to change, 0 to destroy.

───────────────────────────────────────────────────────────────────────────────

Note: You didn't use the -out option to save this plan, so Terraform can't
guarantee to take exactly these actions if you run "terraform apply" now.
x_99069114@codeeditor:terraform-vcn (us-ashburn-1)$ terraform apply

Terraform used the selected providers to generate the following execution plan.
Resource actions are indicated with the following symbols:
  + create

Terraform will perform the following actions:

  # oci_core_subnet.example_subnet will be created
  + resource "oci_core_subnet" "example_subnet" {
      + availability_domain        = (known after apply)
      + cidr_block                 = "10.0.0.0/24"
      + compartment_id             = "ocid1.compartment.oc1..aaaaaaaacaxk3iiktmtc7ekppg7jnb7dd5a4hto7476pxu565zmaho6aep5a"
      + defined_tags               = (known after apply)
      + dhcp_options_id            = (known after apply)
      + display_name               = "IAD-OP-LAB06-1-SNT-01"
      + dns_label                  = (known after apply)
      + freeform_tags              = (known after apply)
      + id                         = (known after apply)
      + ipv6cidr_block             = (known after apply)
      + ipv6cidr_blocks            = (known after apply)
      + ipv6virtual_router_ip      = (known after apply)
      + prohibit_internet_ingress  = (known after apply)
      + prohibit_public_ip_on_vnic = (known after apply)
      + route_table_id             = (known after apply)
      + security_list_ids          = (known after apply)
      + state                      = (known after apply)
      + subnet_domain_name         = (known after apply)
      + time_created               = (known after apply)
      + vcn_id                     = (known after apply)
      + virtual_router_ip          = (known after apply)
      + virtual_router_mac         = (known after apply)
    }

  # oci_core_vcn.example_vcn will be created
  + resource "oci_core_vcn" "example_vcn" {
      + byoipv6cidr_blocks               = (known after apply)
      + cidr_block                       = (known after apply)
      + cidr_blocks                      = [
          + "10.0.0.0/16",
        ]
      + compartment_id                   = "ocid1.compartment.oc1..aaaaaaaacaxk3iiktmtc7ekppg7jnb7dd5a4hto7476pxu565zmaho6aep5a"
      + default_dhcp_options_id          = (known after apply)
      + default_route_table_id           = (known after apply)
      + default_security_list_id         = (known after apply)
      + defined_tags                     = (known after apply)
      + display_name                     = "IAD-OP-LAB06-1-VCN-01"
      + dns_label                        = (known after apply)
      + freeform_tags                    = (known after apply)
      + id                               = (known after apply)
      + ipv6cidr_blocks                  = (known after apply)
      + ipv6private_cidr_blocks          = (known after apply)
      + is_ipv6enabled                   = (known after apply)
      + is_oracle_gua_allocation_enabled = (known after apply)
      + state                            = (known after apply)
      + time_created                     = (known after apply)
      + vcn_domain_name                  = (known after apply)
    }

Plan: 2 to add, 0 to change, 0 to destroy.

Do you want to perform these actions?
  Terraform will perform the actions described above.
  Only 'yes' will be accepted to approve.

  Enter a value: yes

oci_core_vcn.example_vcn: Creating...
oci_core_vcn.example_vcn: Creation complete after 0s [id=ocid1.vcn.oc1.iad.amaaaaaaw3ikaaqajncke4ceyu4wig7rtsbvqgkbpwjw6tpgz7arc52tz4na]
oci_core_subnet.example_subnet: Creating...
oci_core_subnet.example_subnet: Creation complete after 1s [id=ocid1.subnet.oc1.iad.aaaaaaaamcsjpkwnvgvgceh7fj3u2tpixvkgh4fkxwtvmkwhukc65rt7cbmq]

Apply complete! Resources: 2 added, 0 changed, 0 destroyed.